[www.nsibranly.fr/index.html]
[backblue.gif]
[fade.gif]
[index.html]
[www.nsibranly.fr/public/images/arobase.png]
[www.nsibranly.fr/public/css/template.css]
[www.nsibranly.fr/public/css/accueil.css]
[www.nsibranly.fr/public/css/projets.css]
[www.nsibranly.fr/public/js/template.js]
[www.nsibranly.fr/premiere.html]
[www.nsibranly.fr/public/images/fleche.png]
[www.nsibranly.fr/terminale.html]
[www.nsibranly.fr/past.html]
[www.nsibranly.fr/contact.html]
[www.nsibranly.fr/public/images/lienLycee.png]
[www.nsibranly.fr/public/images/lienYT.png]
[www.nsibranly.fr/public/images/lienLK.png]
[www.nsibranly.fr/public/images/menuNavOuv2.png]
[www.nsibranly.fr/accueil.html]
[www.nsibranly.fr/public/video/arobase.mp4]
[www.nsibranly.fr/public/images/projets/im0.jpg]
[www.nsibranly.fr/public/images/projets/im1.jpg]
[www.nsibranly.fr/public/images/projets/im2.jpg]
[www.nsibranly.fr/public/images/projets/im3.jpg]
[www.nsibranly.fr/public/images/projets/im4.jpg]
[www.nsibranly.fr/public/images/projets/im5.jpg]
[www.nsibranly.fr/public/images/projets/im6.jpg]
[www.nsibranly.fr/public/images/projets/im7.jpg]
[www.nsibranly.fr/public/images/projets/im8.jpg]
[www.nsibranly.fr/public/images/projets/im9.jpg]
[www.nsibranly.fr/public/images/projets/im10.jpg]
[www.nsibranly.fr/public/images/projets/im11.jpg]
[www.nsibranly.fr/public/images/projets/im12.jpg]
[www.nsibranly.fr/public/images/projets/im13.jpg]
[www.nsibranly.fr/index.html]
[www.nsibranly.fr/terminale/web.html]
[www.nsibranly.fr/public/css/fonts/Gruppe A.ttf]
[www.nsibranly.fr/public/css/fonts/Gruppe B.ttf]
[www.nsibranly.fr/public/css/fonts/Gruppe F.ttf]
[www.nsibranly.fr/public/css/fonts/Gruppe S.ttf]
[www.nsibranly.fr/public/css/fonts/Poppins-Light.ttf]
[www.nsibranly.fr/public/css/fonts/OpenSans-CondLight.ttf]
[www.nsibranly.fr/public/css/fonts/Poppins-ExtraLight.ttf]
[www.nsibranly.fr/public/css/fonts/OpenSans-Light.ttf]
[www.nsibranly.fr/public/css/fonts/Poppins-Thin.ttf]
[www.nsibranly.fr/public/css/fonts/SegoeScript.ttf]
[www.nsibranly.fr/public/css/fonts/Silkscreen-Regular.ttf]
[www.nsibranly.fr/public/css/fonts/BohemianCassidyFreeRegular-514nz.woff]
[www.nsibranly.fr/public/css/fonts/NeueMontreal-Bold.otf]
[www.nsibranly.fr/public/css/fonts/NeueMontreal-BoldItalic.otf]
[www.nsibranly.fr/public/css/fonts/NeueMontreal-Italic.otf]
[www.nsibranly.fr/public/css/fonts/NeueMontreal-Light.otf]
[www.nsibranly.fr/public/css/fonts/NeueMontreal-LightItalic.otf]
[www.nsibranly.fr/public/css/fonts/NeueMontreal-Medium.otf]
[www.nsibranly.fr/public/css/fonts/NeueMontreal-MediumItalic.otf]
[www.nsibranly.fr/public/css/template.css]
[www.nsibranly.fr/public/css/fonts/NeueMontreal-Regular.otf]
[www.nsibranly.fr/public/css/accueil.css]
[www.nsibranly.fr/public/css/projets.css]
[www.nsibranly.fr/public/images/imRight.svg]
[www.nsibranly.fr/public/css/avatar.css]
[www.nsibranly.fr/public/css/seances.css]
[www.nsibranly.fr/public/css/premiere.css]
[www.nsibranly.fr/public/css/diaporama.css]
[www.nsibranly.fr/public/css/annales.css]
[www.nsibranly.fr/public/css/proj.css]
[www.nsibranly.fr/public/css/fetch.css]
[www.nsibranly.fr/public/css/upload.css]
[www.nsibranly.fr/public/js/video.js]
[www.nsibranly.fr/public/js/seances.js]
[www.nsibranly.fr/public/js/diaporama.js]
[www.nsibranly.fr/public/js/projets.js]
[www.nsibranly.fr/public/js/fetch.js]
[www.nsibranly.fr/premiere/web.html]
[www.nsibranly.fr/premiere/login.html]
[www.nsibranly.fr/public/images/icone_ferm2.png]
[www.nsibranly.fr/public/documents/premiere/tag1/Chapitre1.pdf]
[www.nsibranly.fr/public/documents/premiere/tag1/TpDebuter.pdf]
[www.nsibranly.fr/public/documents/premiere/tag1/TpDebuterCorrige.pdf]
[www.nsibranly.fr/public/documents/premiere/tag1/dsVariables_2025.pdf]
[www.nsibranly.fr/public/documents/premiere/tag1/dsVariables_2025_correction.pdf]
[www.nsibranly.fr/public/documents/premiere/install_pyzo.pdf]
[www.nsibranly.fr/public/images/numerisation.png]
[www.nsibranly.fr/public/documents/premiere/tag2/ChapitreFor.pdf]
[www.nsibranly.fr/public/documents/premiere/tag2/Chapitre2For_c.pdf]
[www.nsibranly.fr/public/documents/premiere/tag2/TdBoucles.pdf]
[www.nsibranly.fr/public/documents/premiere/tag2/exerciceFalaise.pdf]
[www.nsibranly.fr/public/documents/premiere/tag2/tpFor2023.pdf]
[www.nsibranly.fr/public/documents/premiere/tag2/tpFor2023Corrige.pdf]
[www.nsibranly.fr/public/documents/premiere/tag2/TP2_Boucle_for.pdf]
[www.nsibranly.fr/public/documents/premiere/tag2/Ds_Boucle_for_2024.pdf]
[www.nsibranly.fr/public/documents/premiere/tag3/Chapitre2IfElse.pdf]
[www.nsibranly.fr/public/documents/premiere/tag3/Chapitre2IfElse_complete.pdf]
[www.nsibranly.fr/public/documents/premiere/tag3/Td_if_elif_else.pdf]
[www.nsibranly.fr/public/documents/premiere/tag3/tpIf2023.pdf]
[www.nsibranly.fr/public/documents/premiere/tag3/declaration.zip]
[www.nsibranly.fr/public/documents/premiere/tag4/ChapitreFonctions_complété.pdf]
[www.nsibranly.fr/public/documents/premiere/tag4/tpFonctions2023.pdf]
[www.nsibranly.fr/public/documents/premiere/tag5/ChapitreListes.pdf]
[www.nsibranly.fr/public/documents/premiere/tag5/Td_listes.pdf]
[www.nsibranly.fr/public/documents/premiere/tag5/tpListes2023.pdf]
[www.nsibranly.fr/public/documents/premiere/tag5/Ds_listes_2025.pdf]
[www.nsibranly.fr/public/documents/premiere/while/ChapitreWhile.pdf]
[www.nsibranly.fr/public/documents/premiere/while/tpWhile2024.pdf]
[www.nsibranly.fr/public/documents/premiere/while/basket.zip]
[www.nsibranly.fr/public/documents/premiere/fichiers/Chapitre_python_les_fichiers.pdf]
[www.nsibranly.fr/public/documents/premiere/fichiers/tpFichiers2024.pdf]
[www.nsibranly.fr/public/documents/premiere/fichiers/tp10_fichiers.pdf]
[www.nsibranly.fr/public/documents/premiere/fichiers/tp10.zip]
[www.nsibranly.fr/public/documents/premiere/pendu_dico.zip]
[www.nsibranly.fr/public/documents/premiere/fonction_pendu.zip]
[www.nsibranly.fr/public/documents/premiere/tag7/Chapitre2_binaire.pdf]
[www.nsibranly.fr/public/documents/premiere/tag7/Chapitre7_floatUtf8.pdf]
[www.nsibranly.fr/public/documents/premiere/tag7/Chapitre7_floatUtf8 prof.pdf]
[www.nsibranly.fr/public/documents/premiere/tag7/Complément norme IEEE774.pdf]
[www.nsibranly.fr/public/documents/premiere/tag7/Cours exos UNICODE UTF-8 CDEl-el.pdf]
[www.nsibranly.fr/public/documents/premiere/tag7/tpNumeration2023.pdf]
[www.nsibranly.fr/public/documents/premiere/tag7/tpNumeration2023Corrige.pdf]
[www.nsibranly.fr/public/documents/premiere/tag7/exo_numération.pdf]
[www.nsibranly.fr/public/documents/premiere/tag7/Ds-conversion.pdf]
[www.nsibranly.fr/public/documents/premiere/tag7/Ds-conversion_correction.pdf]
[www.nsibranly.fr/public/documents/premiere/html/coursHtml2.pdf]
[www.nsibranly.fr/public/documents/premiere/html/coursPositionnementBlocs.pdf]
[www.nsibranly.fr/public/documents/premiere/html/coursFlexGrid.pdf]
[www.nsibranly.fr/public/documents/premiere/html/tpHtmlCss2023.pdf]
[www.nsibranly.fr/public/documents/premiere/html/croco.png]
[www.nsibranly.fr/public/documents/premiere/html/croco2.png]
[www.nsibranly.fr/public/documents/premiere/html/rep.gif]
[www.nsibranly.fr/public/documents/premiere/html/tpHtmlCss2.pdf]
[www.nsibranly.fr/public/documents/premiere/html/tpHtmlCss3.pdf]
[www.nsibranly.fr/public/documents/premiere/html/mosaique.zip]
[www.nsibranly.fr/public/documents/premiere/Compléments sur les listes.pdf]
[www.nsibranly.fr/public/documents/premiere/TD listes compéments.pdf]
[www.nsibranly.fr/public/documents/premiere/dictionnaires/ChapitreDict.pdf]
[www.nsibranly.fr/public/documents/premiere/dictionnaires/tpDictionnaires.pdf]
[www.nsibranly.fr/public/documents/premiere/dictionnaires/tp11.zip]
[www.nsibranly.fr/public/documents/premiere/dictionnaires/tpDictionnairesCorrige.pdf]
[www.nsibranly.fr/public/documents/premiere/dictionnaires/TD_WhileFichiersDic.pdf]
[www.nsibranly.fr/public/documents/premiere/porteeTuple/ChapitreTuplePortee.pdf]
[www.nsibranly.fr/public/documents/premiere/porteeTuple/Td_portee.pdf]
[www.nsibranly.fr/public/documents/premiere/tkinter/Programmer un GUI.pdf]
[www.nsibranly.fr/public/documents/premiere/tkinter/ChapitreTkinter.pdf]
[www.nsibranly.fr/public/documents/premiere/tkinter/commandes_tkinter.pdf]
[www.nsibranly.fr/public/documents/premiere/tkinter/tp13A.pdf]
[www.nsibranly.fr/public/documents/premiere/tkinter/tp13.zip]
[www.nsibranly.fr/public/documents/premiere/tkinter/tp13B.pdf]
[www.nsibranly.fr/public/documents/premiere/tkinter/alphabet.jpg]
[www.nsibranly.fr/public/documents/premiere/tkinter/tp13C.pdf]
[www.nsibranly.fr/public/documents/premiere/tkinter/tp13.txt]
[www.nsibranly.fr/public/documents/premiere/tkinter/tpBalleRebondissante2024.pdf]
[www.nsibranly.fr/public/documents/premiere/tkinter/tp14.zip]
[www.nsibranly.fr/public/documents/premiere/tkinter/tp15A.pdf]
[www.nsibranly.fr/public/documents/premiere/tkinter/tp15.zip]
[www.nsibranly.fr/public/documents/premiere/tkinter/tp15B.pdf]
[www.nsibranly.fr/public/documents/premiere/tkinter/tp15C.pdf]
[www.nsibranly.fr/public/documents/premiere/tkinter/Td_TkinterA.pdf]
[www.nsibranly.fr/public/documents/premiere/projets/IdeesProjetsNSI.pdf]
[www.nsibranly.fr/public/documents/premiere/projets/ProjetsNSI.pdf]
[www.nsibranly.fr/public/documents/premiere/formulaires/coursFormulaires.pdf]
[www.nsibranly.fr/public/documents/premiere/formulaires/tpChat2024.pdf]
[www.nsibranly.fr/public/documents/premiere/formulaires/tchat.zip]
[www.nsibranly.fr/public/documents/premiere/formulaires/tpFormulairePaiement.pdf]
[www.nsibranly.fr/public/documents/premiere/js/coursJs.pdf]
[www.nsibranly.fr/public/documents/premiere/js/coursJsB.pdf]
[www.nsibranly.fr/public/documents/premiere/js/TpJs.pdf]
[www.nsibranly.fr/public/documents/premiere/js/js.zip]
[www.nsibranly.fr/public/documents/premiere/js/Exercice_JS1.pdf]
[www.nsibranly.fr/public/documents/premiere/js/Exercice_JS2.pdf]
[www.nsibranly.fr/public/documents/premiere/js/Exercice_JSapi.pdf]
[www.nsibranly.fr/public/documents/premiere/js/Exercice_JSapi.docx]
[www.nsibranly.fr/public/documents/premiere/js/videoMeteoJs.mp4]
[www.nsibranly.fr/premiere.html]
[www.nsibranly.fr/public/css/terminale.css]
[www.nsibranly.fr/public/css/triSelection.css]
[www.nsibranly.fr/public/js/script_tri_selection.js]
[www.nsibranly.fr/public/js/script_tri_insertion.js]
[www.nsibranly.fr/terminale/login.html]
[www.nsibranly.fr/public/documents/terminale/tag1/Crypto.pdf]
[www.nsibranly.fr/public/documents/terminale/tag1/CryptoCorrige.pdf]
[www.nsibranly.fr/public/documents/terminale/tag1/texte.txt]
[www.nsibranly.fr/public/documents/terminale/tag1/texte2.txt]
[www.nsibranly.fr/public/documents/terminale/tag1/bonus.pdf]
[www.nsibranly.fr/public/documents/terminale/tag1/DsCrypto.pdf]
[www.nsibranly.fr/public/documents/terminale/tag1/DsCryptoCorrige.pdf]
[www.nsibranly.fr/public/documents/terminale/C1-Programmation.pdf]
[www.nsibranly.fr/public/documents/terminale/C2_python_commentaires_formatage.pdf]
[www.nsibranly.fr/public/documents/terminale/C3_python_les boucles.pdf]
[www.nsibranly.fr/public/documents/terminale/C4_python_les_fonctions.pdf]
[www.nsibranly.fr/public/documents/terminale/C5_python_les_conteneurs.pdf]
[www.nsibranly.fr/public/documents/terminale/C5_2_python_les_conteneurs_compléments.pdf]
[www.nsibranly.fr/public/documents/terminale/C8_complements_sur_les_tuples.pdf]
[www.nsibranly.fr/public/documents/terminale/C6_python_les_fichiers.pdf]
[www.nsibranly.fr/public/documents/terminale/C7_python_les_chaines de caractères.pdf]
[www.nsibranly.fr/public/documents/terminale/tag2/quizzListes.pdf]
[www.nsibranly.fr/public/documents/terminale/tag2/minimum.pdf]
[www.nsibranly.fr/public/documents/terminale/tag2/minimumCorrige.pdf]
[www.nsibranly.fr/public/documents/terminale/tag3/triSelection.pdf]
[www.nsibranly.fr/public/documents/terminale/tag3/triSelectionCorrige.pdf]
[www.nsibranly.fr/public/documents/terminale/tag3/prenoms.zip]
[www.nsibranly.fr/public/documents/terminale/tag3/triSelectionExercice.pdf]
[www.nsibranly.fr/public/documents/terminale/tag3/triSelectionExerciceCorrige.pdf]
[www.nsibranly.fr/public/documents/terminale/tag3/exerciceSup.pdf]
[www.nsibranly.fr/public/documents/terminale/tag3/dsTriCommandes2024.pdf]
[www.nsibranly.fr/public/documents/terminale/tag3/dsTriCommandes2024Corrige.pdf]
[www.nsibranly.fr/public/documents/terminale/tag4/commandesLignes.pdf]
[www.nsibranly.fr/public/documents/terminale/tag4/Commandes_linux.pdf]
[www.nsibranly.fr/public/documents/terminale/tag5/triInsertion.pdf]
[www.nsibranly.fr/public/documents/terminale/tag5/triInsertionCorrige.pdf]
[www.nsibranly.fr/public/documents/terminale/tag5/insertion.gif]
[www.nsibranly.fr/public/documents/terminale/tag6/dichotomie.pdf]
[www.nsibranly.fr/public/documents/terminale/tag6/dictionnaire.zip]
[www.nsibranly.fr/public/documents/terminale/tag6/dichotomieCorrige.pdf]
[www.nsibranly.fr/public/documents/terminale/tag7/kVoisins.pdf]
[www.nsibranly.fr/public/documents/terminale/tag7/kVoisinsIris.pdf]
[www.nsibranly.fr/public/documents/terminale/tag7/iris.zip]
[www.nsibranly.fr/public/documents/terminale/tag7/kVoisinsIrisCorrige.pdf]
[www.nsibranly.fr/public/documents/terminale/tag7/Tp_k_VoisinsLanguesB.pdf]
[www.nsibranly.fr/public/documents/terminale/tag7/sujet.pdf]
[www.nsibranly.fr/public/documents/terminale/tag7/sujet.zip]
[www.nsibranly.fr/public/documents/terminale/tag7/dsKvoisinsDichoTriInsSurOrdi2024Corrige.pdf]
[www.nsibranly.fr/public/documents/terminale/tag8/coursPoo2.pdf]
[www.nsibranly.fr/public/documents/terminale/tag8/coursPoo2Corrige.pdf]
[www.nsibranly.fr/public/documents/terminale/tag8/exerciceCompteBancaire.pdf]
[www.nsibranly.fr/public/documents/terminale/tag8/exerciceCompteBancaireCorrige.pdf]
[www.nsibranly.fr/public/documents/terminale/tag8/td_poo.pdf]
[www.nsibranly.fr/public/documents/terminale/tag9/coursGlouton.pdf]
[www.nsibranly.fr/public/documents/terminale/tag9/distributeurObjetGlouton.pdf]
[www.nsibranly.fr/public/documents/terminale/tag9/distributeurObjetGloutonCorrige.pdf]
[www.nsibranly.fr/public/documents/terminale/tag10/coursBdd.pdf]
[www.nsibranly.fr/public/documents/terminale/tag10/coursSqlite.pdf]
[www.nsibranly.fr/public/documents/terminale/tag10/tpDbBrowser.pdf]
[www.nsibranly.fr/public/documents/terminale/tag10/tpDbBrowserCorrige.pdf]
[www.nsibranly.fr/public/documents/terminale/tag10/freeBranly.sql]
[www.nsibranly.fr/public/documents/terminale/tag10/freeBranlyPython.pdf]
[www.nsibranly.fr/public/documents/terminale/tag10/freeBranlyPython.docx]
[www.nsibranly.fr/public/documents/terminale/tag10/exercicesBdd.pdf]
[www.nsibranly.fr/public/documents/terminale/tag10/exercicesBddCorrige.pdf]
[www.nsibranly.fr/public/documents/terminale/tag10/tpBiblotheque.pdf]
[www.nsibranly.fr/public/documents/terminale/tag10/tpBiblothequeCorrige.pdf]
[www.nsibranly.fr/public/documents/terminale/tag10/tpNotes.pdf]
[www.nsibranly.fr/public/documents/terminale/tag10/tpNotesCorrige.pdf]
[www.nsibranly.fr/public/documents/terminale/tag10/TestBDD.pdf]
[www.nsibranly.fr/public/documents/terminale/tag10/TestBDDCorrige.pdf]
[www.nsibranly.fr/public/documents/terminale/tag10/dsPooBdd2024.pdf]
[www.nsibranly.fr/public/documents/terminale/tag10/dsPooBdd2024Corrige.pdf]
[www.nsibranly.fr/public/documents/terminale/tag11/coursBoole.pdf]
[www.nsibranly.fr/public/documents/terminale/tag12/coursReseaux.pdf]
[www.nsibranly.fr/public/documents/terminale/tag12/coursRoutage.pdf]
[www.nsibranly.fr/public/documents/terminale/tag12/exercicesIp.pdf]
[www.nsibranly.fr/public/documents/terminale/tag12/trameRoutage.pdf]
[www.nsibranly.fr/public/documents/terminale/tag12/tdRoutage.pdf]
[www.nsibranly.fr/public/documents/terminale/tag12/TP_Filius.pdf]
[www.nsibranly.fr/public/documents/terminale/tag12/tpFilius2.pdf]
[www.nsibranly.fr/public/documents/terminale/tag12/tpFilius2.docx]
[www.nsibranly.fr/public/documents/terminale/tag12/tpFilius2Corrige.pdf]
[www.nsibranly.fr/public/documents/terminale/tag12/TP-Filius-Routage-Statique.pdf]
[www.nsibranly.fr/public/documents/terminale/tag12/tpFilus3Corrige.pdf]
[www.nsibranly.fr/public/documents/terminale/tag13/questionsPossibles.pdf]
[www.nsibranly.fr/public/documents/terminale/tag13/Comment définir sa question.pdf]
[www.nsibranly.fr/public/documents/terminale/tag13/Grand Oral.pdf]
[www.nsibranly.fr/public/documents/terminale/tag14/coursPilesFiles.pdf]
[www.nsibranly.fr/public/documents/terminale/tag14/tpPilesFiles.pdf]
[www.nsibranly.fr/public/documents/terminale/tag14/sons.zip]
[www.nsibranly.fr/public/documents/terminale/tag14/tpPilesFilesCorrige.pdf]
[www.nsibranly.fr/public/documents/terminale/tag14/ExercicesPilesFiles.pdf]
[www.nsibranly.fr/public/documents/terminale/tag14/ExercicesPilesFilesCorrige.pdf]
[www.nsibranly.fr/public/documents/terminale/tag14/dsRoutage_PF_logique.pdf]
[www.nsibranly.fr/public/documents/terminale/tag14/dsRoutage_PF_logiqueCorrige.pdf]
[www.nsibranly.fr/public/documents/terminale/tag15/coursRecursivite.pdf]
[www.nsibranly.fr/public/documents/terminale/tag15/exercicesRecursivite.pdf]
[www.nsibranly.fr/public/documents/terminale/tag15/exercicesRecursiviteCorrige.pdf]
[www.nsibranly.fr/public/documents/terminale/tag15/TP_Tours_Hanoi.pdf]
[www.nsibranly.fr/public/documents/terminale/tag15/tpHanoiCorrige.pdf]
[www.nsibranly.fr/public/documents/terminale/tag15/gosper.pdf]
[www.nsibranly.fr/public/documents/terminale/tag15/autreExercices.pdf]
[www.nsibranly.fr/public/documents/terminale/tag15/autreExercicesCorrige.pdf]
[www.nsibranly.fr/public/documents/terminale/tag15/dsRecursivite.pdf]
[www.nsibranly.fr/public/documents/terminale/tag15/dsRecursiviteCorrige.pdf]
[www.nsibranly.fr/public/documents/terminale/tag16/coursCrypto2.pdf]
[www.nsibranly.fr/public/documents/terminale/tag16/exerciceRsa.pdf]
[www.nsibranly.fr/public/documents/terminale/tag16/exerciceRsaCorrige.pdf]
[www.nsibranly.fr/public/documents/terminale/tag17/coursGestionErreurs.pdf]
[www.nsibranly.fr/public/documents/terminale/tag17/exercicesGestionErreurs.pdf]
[www.nsibranly.fr/public/documents/terminale/tag17/exercicesGestionErreursCorrige.pdf]
[www.nsibranly.fr/public/documents/terminale/tag18/arbresBinairesCours.pdf]
[www.nsibranly.fr/public/documents/terminale/tag18/exercicesArbres.pdf]
[www.nsibranly.fr/public/documents/terminale/tag18/exercicesArbresCorrige.pdf]
[www.nsibranly.fr/public/documents/terminale/tag18/exercicesArbreBac.pdf]
[www.nsibranly.fr/public/documents/terminale/tag18/exercicesArbreBacCorrige.pdf]
[www.nsibranly.fr/public/documents/terminale/tag19/abrCours.pdf]
[www.nsibranly.fr/public/documents/terminale/tag19/exercicesAbr2025.pdf]
[www.nsibranly.fr/public/documents/terminale/tag19/tpAbr2025.pdf]
[www.nsibranly.fr/public/documents/terminale/tag19/tpAbr2025Corrige.pdf]
[www.nsibranly.fr/public/documents/terminale/tag19/dictionnaire.txt]
[www.nsibranly.fr/public/documents/terminale/tag20/graphesCours1.pdf]
[www.nsibranly.fr/public/documents/terminale/tag20/graphesCoursParcours.pdf]
[www.nsibranly.fr/public/documents/terminale/tag20/graphesExercices.pdf]
[www.nsibranly.fr/public/documents/terminale/tag20/graphesExercicesCorrige.pdf]
[www.nsibranly.fr/public/documents/terminale/tag20/tpImplementationGraphes.pdf]
[www.nsibranly.fr/public/documents/terminale/tag20/tpImplementationGraphesCorrige.pdf]
[www.nsibranly.fr/public/documents/terminale/tag20/tpParcoursGraphes.pdf]
[www.nsibranly.fr/public/documents/terminale/tag20/parcoursGraphe.zip]
[www.nsibranly.fr/public/documents/terminale/tag20/tpParcoursGraphesCorrige.pdf]
[www.nsibranly.fr/public/documents/terminale/tag20/dmGraphes.pdf]
[www.nsibranly.fr/public/documents/terminale/tag20/dmGraphesCorrige.pdf]
[www.nsibranly.fr/public/documents/terminale/tag20/dsGraphes2025.pdf]
[www.nsibranly.fr/public/documents/terminale/tag20/dsGraphes2025Corrige.pdf]
[www.nsibranly.fr/public/documents/terminale/tag21/archiCours.pdf]
[www.nsibranly.fr/public/documents/terminale/tag21/exercicesArchi.pdf]
[www.nsibranly.fr/public/documents/terminale/tag21/tpArchi.pdf]
[www.nsibranly.fr/public/images/simu1.jpg]
[www.nsibranly.fr/public/images/simu2.jpg]
[www.nsibranly.fr/public/images/simu3.jpg]
[www.nsibranly.fr/public/images/simu4.jpg]
[www.nsibranly.fr/public/documents/terminale/tag22/coursDiviserPourRegner.pdf]
[www.nsibranly.fr/public/documents/terminale/tag22/exercicesDiviserRegner.pdf]
[www.nsibranly.fr/public/documents/terminale/tag22/exercicesDiviserRegnerCorrige.pdf]
[www.nsibranly.fr/public/documents/terminale/tag23/coursRechercheTextuelle1.pdf]
[www.nsibranly.fr/public/documents/terminale/tag23/coursRechercheTextuelle2.pdf]
[www.nsibranly.fr/public/documents/terminale/tag23/coursRechercheTextuelle.pdf]
[www.nsibranly.fr/public/documents/terminale/tag23/Le_rouge_et_le_noir.txt]
[www.nsibranly.fr/public/documents/terminale/tag24/coursProgrammationDynamique.pdf]
[www.nsibranly.fr/public/documents/terminale/tag24/coursProgrammationDynamiqueCorrige.pdf]
[www.nsibranly.fr/public/documents/terminale/tag24/tp1.pdf]
[www.nsibranly.fr/public/documents/terminale/tag24/tp2.pdf]
[www.nsibranly.fr/public/documents/terminale/tag24/redim.zip]
[www.nsibranly.fr/public/documents/terminale/tag24/tp1Corrige.pdf]
[www.nsibranly.fr/public/documents/terminale/tag24/tp2Corrige.pdf]
[www.nsibranly.fr/public/documents/terminale/tag24/nsiMetropole2_2024.pdf]
[www.nsibranly.fr/public/documents/terminale/tag24/bbCorrige.pdf]
[www.nsibranly.fr/public/documents/terminale/tag24/dsProgDyn.pdf]
[www.nsibranly.fr/public/documents/terminale/tag24/dsProgDynCorrige.pdf]
[www.nsibranly.fr/terminale.html]
[www.nsibranly.fr/public/css/login.css]
[www.nsibranly.fr/public/css/fetchWeb.css]
[www.nsibranly.fr/public/css/past.css]
[www.nsibranly.fr/public/js/fetchWeb.js]
[www.nsibranly.fr/public/js/loginWeb.js]
[www.nsibranly.fr/past/web.html]
[www.nsibranly.fr/past/login.html]
[www.nsibranly.fr/public/images/avatars/ALI_Faaman_200w.gif]
[www.nsibranly.fr/public/images/avatars/ANGO_ciana_ce31f2b6ee8d0193848f9dee53eb919a.jpg]
[www.nsibranly.fr/public/images/avatars/AUDIN_Loric_unnamed.jpg]
[www.nsibranly.fr/public/images/avatars/BALANDIER_julien_huey.png]
[www.nsibranly.fr/public/images/avatars/BAUDIN_baptiste_Sans titre.png]
[www.nsibranly.fr/public/images/avatars/BELALEM_Kaisse_capybara.gif]
[www.nsibranly.fr/public/images/avatars/BENBOUZID_abdenour_opg7.gif]
[www.nsibranly.fr/public/images/avatars/BOISVERT_felix_image.png]
[www.nsibranly.fr/public/images/avatars/BONNEPART_hector_cookie-run.gif]
[www.nsibranly.fr/public/images/avatars/BRETAGNE_hans_pp horus.png]
[www.nsibranly.fr/public/images/avatars/CHANUT_thibault_penguin fete.jpg]
[www.nsibranly.fr/public/images/avatars/avatar.png]
[www.nsibranly.fr/public/images/avatars/CHAUSSY_Robin_re_arys_red2-lt256.png]
[www.nsibranly.fr/public/images/avatars/CUOQ_pierre_france.gif]
[www.nsibranly.fr/public/images/avatars/DAL FERRO_christian_vlcsnap-2024-04-14-11h02m39s672.png]
[www.nsibranly.fr/public/images/avatars/DESTREMONT_Gabriel_200.gif]
[www.nsibranly.fr/public/images/avatars/DUPIN_guillaume_index.jpg]
[www.nsibranly.fr/public/images/avatars/FERRER_Evan_BlandSafeCottontail-max-1mb.gif]
[www.nsibranly.fr/public/images/avatars/FRAISSE_kylian_ltg-low-tier-god.gif]
[www.nsibranly.fr/public/images/avatars/GAUDENCIO_guillaume_Ash Logo.png]
[www.nsibranly.fr/public/images/avatars/GOTTRANT_benjamin_Koala.jpg]
[www.nsibranly.fr/public/images/avatars/HAMZA_raiden_Eugeo.png]
[www.nsibranly.fr/public/images/avatars/HENIN_arthur_meme gesnhin tarta.png]
[www.nsibranly.fr/public/images/avatars/INEZA_teddy_pp3.png]
[www.nsibranly.fr/public/images/avatars/JOANNES_robin_EC73.tmp.png]
[www.nsibranly.fr/public/images/avatars/KITA_Djessy_ShadyNimbleDarwinsfox-max-1mb.gif]
[www.nsibranly.fr/public/images/avatars/LAUTIN_renan_rubiks.png]
[www.nsibranly.fr/public/images/avatars/LOPEZ_Noe_sexo.jpg]
[www.nsibranly.fr/public/images/avatars/OSTERNAUD_Loic_9ZNS (2) (1).gif]
[www.nsibranly.fr/public/images/avatars/PARNET_justine_ppeva.jpg]
[www.nsibranly.fr/public/images/avatars/PHA_ysaac_img_profile.png]
[www.nsibranly.fr/public/images/avatars/PHILYS_corentin_UntidyVagueDog-size_restricted.gif]
[www.nsibranly.fr/public/images/avatars/PICHON_anais_image.png]
[www.nsibranly.fr/public/images/avatars/PICHOUD_guillaume_téléchargement.jpg]
[www.nsibranly.fr/public/images/avatars/PINTO FERNANDES_oscar_omen.jpg]
[www.nsibranly.fr/public/images/avatars/QUIRINO_quianne_IMG_4051.jpg]
[www.nsibranly.fr/public/images/avatars/REGOUDIS_mathis_tolobardi-tyongtray.gif]
[www.nsibranly.fr/public/images/avatars/RICHARD_julian_SUCKITHAMSTER.gif]
[www.nsibranly.fr/public/images/avatars/ROSSAT_titouan_ishowspeed-image-560x315.jpg]
[www.nsibranly.fr/public/images/avatars/SKOROBULATOVA--SIMONARD_peter_peter-logo-275-247.png]
[www.nsibranly.fr/public/images/avatars/SOUS_shun_index.png]
[www.nsibranly.fr/public/images/avatars/THETCHAROEN_matisse_pp chmaber.png]
[www.nsibranly.fr/public/images/avatars/TJAMPENS_quentin_simp.png]
[www.nsibranly.fr/public/images/avatars/TOUL_jeremy_ULMIc3JO_400x400.jpg]
[www.nsibranly.fr/public/images/avatars/TRAGLIA_Mickael_ezgif-3-4168c5fd04.gif]
[www.nsibranly.fr/public/images/avatars/TRAHANT_Thomas_Toto.jpg]
[www.nsibranly.fr/public/images/avatars/VALLIN_malone_jurassic-park-ah.gif]
[www.nsibranly.fr/public/images/avatars/VERLET_ilian_killuaaaaa.png]
[www.nsibranly.fr/public/images/avatars/Vittorelli_Matis_seyana.png]
[www.nsibranly.fr/past.html]
[www.nsibranly.fr/public/images/avatars/VIVIER_robin_lol.jpg]
[www.nsibranly.fr/public/css/contact.css]
[www.nsibranly.fr/contact.html]
[www.nsibranly.fr/public/images/biaisFormulaire.png]
[www.nsibranly.fr/public/css/error.css]
[www.nsibranly.fr/accueil.html]
[www.nsibranly.fr/public/images/avatars/BENOUALI_ramy_2390eab237f1c0705d08444fd219cc45.jpg]
[www.nsibranly.fr/public/images/avatars/BORNEMANN_tom_Capture d’écran 2025-09-04 091547.png]
[www.nsibranly.fr/public/images/avatars/BOUFERTALA_nahil_OIP-1448675644.jpg]
[www.nsibranly.fr/public/images/avatars/BOUFERTALA_souleyman_2024-02-11_FCBvsGRANADA_46.jpg]
[www.nsibranly.fr/public/images/avatars/BRUGEROLLE_inacio_maxresdefault.jpg]
[www.nsibranly.fr/public/images/avatars/DAL FERRO_christian_DAL FERRO_christian_souris-non.gif]
[www.nsibranly.fr/public/images/avatars/HAHAD_anis_rqHzYumjNR8TfBrUS8LWGG.jpg]
[www.nsibranly.fr/public/images/avatars/LHOPITAL_eloise_téléchargement.jpg]
[www.nsibranly.fr/terminale/web.html]
[www.nsibranly.fr/public/images/avatars/VELCIN_romain_qiyi-M-clock-le-01-768x768-3618934391.jpg]
[www.nsibranly.fr/public/css/avatar.css]
[www.nsibranly.fr/public/css/seances.css]
[www.nsibranly.fr/public/css/premiere.css]
[www.nsibranly.fr/public/css/diaporama.css]
[www.nsibranly.fr/public/css/annales.css]
[www.nsibranly.fr/public/css/proj.css]
[www.nsibranly.fr/public/css/fetch.css]
[www.nsibranly.fr/public/css/upload.css]
[www.nsibranly.fr/public/images/avatars/AITBA_soulaimane_images.jpg]
[www.nsibranly.fr/public/images/avatars/COUESNON_antonin_téléchargement.jpg]
[www.nsibranly.fr/public/images/avatars/DUFOUR_lucie_images.jpg]
[www.nsibranly.fr/public/images/avatars/FAUROUX_theo_spongebob_meme_64.png]
[www.nsibranly.fr/public/images/avatars/PICHON_gabrielle_9115d6c43bca11e4126c4dc945ce59c1(1)_2.jpg]
[www.nsibranly.fr/public/images/avatars/PIROUX_gilles_cute-ball-python.png]
[www.nsibranly.fr/public/images/avatars/QUIRINO_quirvil_IMG_3675.jpg]
[www.nsibranly.fr/public/images/avatars/REROLE_olivier_téléchargement.jpg]
[www.nsibranly.fr/premiere/web.html]
[www.nsibranly.fr/public/js/login.js]
[www.nsibranly.fr/premiere/login.html]
[www.nsibranly.fr/public/documents/premiere/tag2/index.html]
[www.nsibranly.fr/public/documents/premiere/tag1/axes.html]
[www.nsibranly.fr/public/documents/premiere/tag3/index.html]
[www.nsibranly.fr/public/documents/premiere/tag4/.html]
[www.nsibranly.fr/public/documents/premiere/tag4/f.html]
[www.nsibranly.fr/public/documents/premiere/tag4/index.html]
[www.nsibranly.fr/public/documents/premiere/tag5/index.html]
[www.nsibranly.fr/public/documents/premiere/tag5/ttarget=.html]
[www.nsibranly.fr/public/documents/premiere/while/index.html]
[www.nsibranly.fr/public/documents/premiere/fichiers/index.html]
[www.nsibranly.fr/public/documents/premiere/html/index.html]
[www.nsibranly.fr/public/documents/premiere/html/ds/index.html]
[www.nsibranly.fr/public/documents/premiere/dictionnaires/index.html]
[www.nsibranly.fr/public/documents/premiere/tkinter/Td_portee.html]
[www.nsibranly.fr/public/documents/premiere/tkinter/index.html]
[www.nsibranly.fr/public/documents/premiere/formulaires/index.html]
[www.nsibranly.fr/public/css/terminale.css]
[www.nsibranly.fr/public/css/triSelection.css]
[www.nsibranly.fr/terminale/login.html]
[www.nsibranly.fr/public/documents/terminale/tag7/iris.txt]
[www.nsibranly.fr/public/documents/terminale/tag7/iris.html]
[www.nsibranly.fr/public/documents/terminale/tag7/langues.html]
[www.nsibranly.fr/public/documents/terminale/tag10/bibliotheque.html]
[www.nsibranly.fr/public/documents/terminale/tag10/tpNotes.html]
[www.nsibranly.fr/public/documents/terminale/tag12/tpDbBrowserCorrige.html]
[www.nsibranly.fr/public/documents/terminale/tag12/reseau.html]
[www.nsibranly.fr/public/documents/terminale/tag12/reseau2.html]
[www.nsibranly.fr/public/documents/terminale/tag12/reseau3.html]
[www.nsibranly.fr/public/documents/terminale/tag14/pile.html]
[www.nsibranly.fr/public/documents/terminale/tag14/file.html]
[www.nsibranly.fr/public/documents/terminale/tag14/exercice2.html]
[www.nsibranly.fr/public/documents/terminale/tag15/gosper.html]
[www.nsibranly.fr/public/documents/terminale/tag16/creerRsa.html]
[www.nsibranly.fr/public/documents/terminale/tag18/arbreBinaire.html]
[www.nsibranly.fr/public/documents/terminale/tag18/exercice2.html]
[www.nsibranly.fr/public/documents/terminale/tag19/abr.html]
[www.nsibranly.fr/public/documents/terminale/tag19/dictionnaire.html]
[www.nsibranly.fr/public/documents/terminale/tag22/selection.html]
[www.nsibranly.fr/public/css/login.css]
[www.nsibranly.fr/public/css/fetchWeb.css]
[www.nsibranly.fr/public/css/past.css]
[www.nsibranly.fr/past/web.html]
[www.nsibranly.fr/past/login.html]
[www.nsibranly.fr/public/css/contact.css]
[www.nsibranly.fr/public/js/contact.html]
[www.nsibranly.fr/public/css/error.css]
[www.nsibranly.fr/membres/adamA.html]
[www.nsibranly.fr/membres/sambaB.html]
[www.nsibranly.fr/membres/olivierR.html]
[www.nsibranly.fr/membres/akasS.html]
[www.nsibranly.fr/membres/marvineW.html]
[www.nsibranly.fr/membres/ethanY.html]
[www.nsibranly.fr/membres/maloZ.html]
[www.nsibranly.fr/public/images/eye.svg]
